<?xml version="1.0" encoding="utf-8"?><testsuites name="pytest tests"><testsuite name="pytest" errors="0" failures="0" skipped="14" tests="48" time="29.809" timestamp="2026-02-18T23:24:44.630744+00:00" hostname="runnervmjduv7"><testcase classname="tests.test_beam.TestBeamInitialization" name="test_beam_initialization_basic" time="0.176" /><testcase classname="tests.test_beam.TestBeamInitialization" name="test_beam_initialization_with_lmax" time="0.002" /><testcase classname="tests.test_beam.TestBeamInitialization" name="test_beam_initialization_invalid_lmax" time="0.002" /><testcase classname="tests.test_beam.TestBeamInitialization" name="test_beam_initialization_with_horizon" time="0.184" /><testcase classname="tests.test_beam.TestBeamInitialization" name="test_beam_initialization_default_horizon" time="0.063" /><testcase classname="tests.test_beam.TestBeamInitialization" name="test_beam_initialization_wrong_data_shape" time="0.003" /><testcase classname="tests.test_beam.TestBeamInitialization" name="test_beam_initialization_single_frequency" time="0.011" /><testcase classname="tests.test_beam.TestBeamInitialization" name="test_beam_initialization_scalar_frequency" time="0.031" /><testcase classname="tests.test_beam.TestBeamInitialization" name="test_beam_tilt_not_implemented" time="0.003" /><testcase classname="tests.test_beam.TestBeamInitialization" name="test_beam_az_rot_zero" time="0.002" /><testcase classname="tests.test_beam.TestBeamInitialization" name="test_beam_az_rot_nonzero" time="0.002" /><testcase classname="tests.test_beam.TestBeamMethods" name="test_compute_norm" time="1.941" /><testcase classname="tests.test_beam.TestBeamMethods" name="test_compute_fgnd" time="0.855" /><testcase classname="tests.test_beam.TestBeamMethods" name="test_compute_fgnd_consistency" time="0.936" /><testcase classname="tests.test_beam.TestBeamMethods" name="test_compute_alm" time="6.496" /><testcase classname="tests.test_beam.TestBeamMethods" name="test_compute_alm_with_custom_lmax" time="3.425" /><testcase classname="tests.test_beam.TestBeamMethods" name="test_compute_alm_with_rotation" time="2.449" /><testcase classname="tests.test_beam.TestBeamMethods" name="test_horizon_masking_in_alm" time="2.912" /><testcase classname="tests.test_beam.TestBeamMethods" name="test_beam_norm_positive" time="0.002" /><testcase classname="tests.test_beam.TestBeamMethods" name="test_multiple_frequencies_consistency" time="4.907" /><testcase classname="tests.test_sim.TestSimulatorInitialization" name="test_simulator_initialization_basic" time="0.001"><skipped type="pytest.skip" message="Requires astropy coordinate transforms with SPICE kernels">/home/runner/work/mistsim/mistsim/tests/test_sim.py:45: Requires astropy coordinate transforms with SPICE kernels</skipped></testcase><testcase classname="tests.test_sim.TestSimulatorInitialization" name="test_simulator_with_altitude" time="0.001"><skipped type="pytest.skip" message="Requires astropy coordinate transforms with SPICE kernels">/home/runner/work/mistsim/mistsim/tests/test_sim.py:68: Requires astropy coordinate transforms with SPICE kernels</skipped></testcase><testcase classname="tests.test_sim.TestSimulatorInitialization" name="test_simulator_with_ground_temperature" time="0.001"><skipped type="pytest.skip" message="Requires astropy coordinate transforms with SPICE kernels">/home/runner/work/mistsim/mistsim/tests/test_sim.py:89: Requires astropy coordinate transforms with SPICE kernels</skipped></testcase><testcase classname="tests.test_sim.TestSimulatorInitialization" name="test_simulator_mismatched_frequencies_error" time="0.300" /><testcase classname="tests.test_sim.TestSimulatorInitialization" name="test_simulator_mismatched_lmax_error" time="0.014" /><testcase classname="tests.test_sim.TestSimulatorInitialization" name="test_simulator_single_time" time="0.000"><skipped type="pytest.skip" message="Requires astropy coordinate transforms with SPICE kernels">/home/runner/work/mistsim/mistsim/tests/test_sim.py:153: Requires astropy coordinate transforms with SPICE kernels</skipped></testcase><testcase classname="tests.test_sim.TestSimulatorInitialization" name="test_simulator_multiple_times" time="0.000"><skipped type="pytest.skip" message="Requires astropy coordinate transforms with SPICE kernels">/home/runner/work/mistsim/mistsim/tests/test_sim.py:172: Requires astropy coordinate transforms with SPICE kernels</skipped></testcase><testcase classname="tests.test_sim.TestSimulatorMethods" name="test_compute_beam_eq" time="0.000"><skipped type="pytest.skip" message="Requires astropy coordinate transforms with SPICE kernels">/home/runner/work/mistsim/mistsim/tests/test_sim.py:226: Requires astropy coordinate transforms with SPICE kernels</skipped></testcase><testcase classname="tests.test_sim.TestSimulatorMethods" name="test_compute_ground_contribution" time="0.000"><skipped type="pytest.skip" message="Requires astropy coordinate transforms with SPICE kernels">/home/runner/work/mistsim/mistsim/tests/test_sim.py:236: Requires astropy coordinate transforms with SPICE kernels</skipped></testcase><testcase classname="tests.test_sim.TestSimulatorMethods" name="test_sim_output_shape" time="0.000"><skipped type="pytest.skip" message="Requires astropy coordinate transforms with SPICE kernels">/home/runner/work/mistsim/mistsim/tests/test_sim.py:248: Requires astropy coordinate transforms with SPICE kernels</skipped></testcase><testcase classname="tests.test_sim.TestSimulatorMethods" name="test_sim_output_is_real" time="0.000"><skipped type="pytest.skip" message="Requires astropy coordinate transforms with SPICE kernels">/home/runner/work/mistsim/mistsim/tests/test_sim.py:257: Requires astropy coordinate transforms with SPICE kernels</skipped></testcase><testcase classname="tests.test_sim.TestSimulatorMethods" name="test_sim_output_finite" time="0.000"><skipped type="pytest.skip" message="Requires astropy coordinate transforms with SPICE kernels">/home/runner/work/mistsim/mistsim/tests/test_sim.py:263: Requires astropy coordinate transforms with SPICE kernels</skipped></testcase><testcase classname="tests.test_sim.TestSimulatorMethods" name="test_sim_with_single_time" time="0.000"><skipped type="pytest.skip" message="Requires astropy coordinate transforms with SPICE kernels">/home/runner/work/mistsim/mistsim/tests/test_sim.py:269: Requires astropy coordinate transforms with SPICE kernels</skipped></testcase><testcase classname="tests.test_sim.TestSimulatorMethods" name="test_sim_different_times_different_results" time="0.000"><skipped type="pytest.skip" message="Requires astropy coordinate transforms with SPICE kernels">/home/runner/work/mistsim/mistsim/tests/test_sim.py:299: Requires astropy coordinate transforms with SPICE kernels</skipped></testcase><testcase classname="tests.test_sim.TestCorrectGroundLoss" name="test_correct_ground_loss_basic" time="0.039" /><testcase classname="tests.test_sim.TestCorrectGroundLoss" name="test_correct_ground_loss_zero_fgnd" time="0.001" /><testcase classname="tests.test_sim.TestCorrectGroundLoss" name="test_correct_ground_loss_mathematical_correctness" time="0.165" /><testcase classname="tests.test_sim.TestCorrectGroundLoss" name="test_correct_ground_loss_array_broadcast" time="0.190" /><testcase classname="tests.test_sim.TestCorrectGroundLoss" name="test_correct_ground_loss_inverse_operation" time="0.126" /><testcase classname="tests.test_sim.TestIntegration" name="test_full_pipeline" time="0.000"><skipped type="pytest.skip" message="Requires astropy coordinate transforms with SPICE kernels">/home/runner/work/mistsim/mistsim/tests/test_sim.py:386: Requires astropy coordinate transforms with SPICE kernels</skipped></testcase><testcase classname="tests.test_sim.TestIntegration" name="test_ground_loss_correction_pipeline" time="0.000"><skipped type="pytest.skip" message="Requires astropy coordinate transforms with SPICE kernels">/home/runner/work/mistsim/mistsim/tests/test_sim.py:426: Requires astropy coordinate transforms with SPICE kernels</skipped></testcase><testcase classname="tests.test_utils.TestGetLmax" name="test_get_lmax_basic" time="0.001" /><testcase classname="tests.test_utils.TestGetLmax" name="test_get_lmax_with_batch_dimension" time="0.001" /><testcase classname="tests.test_utils.TestGetLmax" name="test_get_lmax_multiple_batch_dimensions" time="0.001" /><testcase classname="tests.test_utils.TestGetLmax" name="test_get_lmax_lmax_zero" time="0.001" /><testcase classname="tests.test_utils.TestGetLmax" name="test_get_lmax_large_lmax" time="0.001" /><testcase classname="tests.test_utils.TestGetLmax" name="test_get_lmax_2d_array" time="0.001" /><testcase classname="tests.test_utils.TestGetLmax" name="test_get_lmax_consistency" time="0.001" /></testsuite></testsuites>